company => ascending,[BICOL,ECRATIC,ENTROPIX,FOSSIEL,NEWCUBE,RECOGNIA,UBERLUX,VIASIA,ZOLAR]
email => descending,[savannah.wagner@recognia.biz,mayra.thomas@ecratic.tv,manning.emerson@zolar.ca,loretta.gaines@newcube.org,lina.hines@bicol.io,jeanette.church@fossiel.biz,elisa.ayala@viasia.com,crawford.dorsey@entropix.info,barber.page@uberlux.me]
friends[id=0].name,[Wong Solomon,Ann Watson,Kramer Jacobs,Warren Luna,Kent Mullen,Helga Hensley,Powers Snider,Marguerite Morales,Amelia Oneal]
